Archive member included to satisfy reference by file (symbol)

/home/lamht/workspace/tools/gcc-arm-none-eabi-8-2019-q3-update/arm-none-eabi/lib/thumb/v7-m/nofp/libc.a(lib_a-memcmp.o)
                              build_arm_cortex_m3_base_boot_stm32l/app.o (memcmp)
/home/lamht/workspace/tools/gcc-arm-none-eabi-8-2019-q3-update/arm-none-eabi/lib/thumb/v7-m/nofp/libc.a(lib_a-memcpy.o)
                              build_arm_cortex_m3_base_boot_stm32l/sys_boot.o (memcpy)
/home/lamht/workspace/tools/gcc-arm-none-eabi-8-2019-q3-update/arm-none-eabi/lib/thumb/v7-m/nofp/libc.a(lib_a-memset.o)
                              build_arm_cortex_m3_base_boot_stm32l/app.o (memset)
/home/lamht/workspace/tools/gcc-arm-none-eabi-8-2019-q3-update/arm-none-eabi/lib/thumb/v7-m/nofp/libc.a(lib_a-strlen-stub.o)
                              build_arm_cortex_m3_base_boot_stm32l/Print.o (strlen)
/home/lamht/workspace/tools/gcc-arm-none-eabi-8-2019-q3-update/lib/gcc/arm-none-eabi/8.3.1/thumb/v7-m/nofp/libgcc.a(_arm_addsubdf3.o)
                              build_arm_cortex_m3_base_boot_stm32l/Print.o (__aeabi_dsub)
/home/lamht/workspace/tools/gcc-arm-none-eabi-8-2019-q3-update/lib/gcc/arm-none-eabi/8.3.1/thumb/v7-m/nofp/libgcc.a(_arm_muldivdf3.o)
                              build_arm_cortex_m3_base_boot_stm32l/Print.o (__aeabi_dmul)
/home/lamht/workspace/tools/gcc-arm-none-eabi-8-2019-q3-update/lib/gcc/arm-none-eabi/8.3.1/thumb/v7-m/nofp/libgcc.a(_arm_cmpdf2.o)
                              build_arm_cortex_m3_base_boot_stm32l/Print.o (__aeabi_dcmplt)
/home/lamht/workspace/tools/gcc-arm-none-eabi-8-2019-q3-update/lib/gcc/arm-none-eabi/8.3.1/thumb/v7-m/nofp/libgcc.a(_arm_unorddf2.o)
                              build_arm_cortex_m3_base_boot_stm32l/Print.o (__aeabi_dcmpun)
/home/lamht/workspace/tools/gcc-arm-none-eabi-8-2019-q3-update/lib/gcc/arm-none-eabi/8.3.1/thumb/v7-m/nofp/libgcc.a(_arm_fixdfsi.o)
                              build_arm_cortex_m3_base_boot_stm32l/Print.o (__aeabi_d2iz)
/home/lamht/workspace/tools/gcc-arm-none-eabi-8-2019-q3-update/lib/gcc/arm-none-eabi/8.3.1/thumb/v7-m/nofp/libgcc.a(_arm_fixunsdfsi.o)
                              build_arm_cortex_m3_base_boot_stm32l/Print.o (__aeabi_d2uiz)

Allocating common symbols
Common symbol       size              file

xfunc_out           0x4               build_arm_cortex_m3_base_boot_stm32l/xprintf.o
sys_ctrl_jump_to_app_req
                    0x4               build_arm_cortex_m3_base_boot_stm32l/sys_cfg.o

Discarded input sections

 .text          0x0000000000000000        0x0 build_arm_cortex_m3_base_boot_stm32l/utils.o
 .data          0x0000000000000000        0x0 build_arm_cortex_m3_base_boot_stm32l/utils.o
 .bss           0x0000000000000000        0x0 build_arm_cortex_m3_base_boot_stm32l/utils.o
 .text.str_len  0x0000000000000000       0x18 build_arm_cortex_m3_base_boot_stm32l/utils.o
 .text.itoa     0x0000000000000000       0x7c build_arm_cortex_m3_base_boot_stm32l/utils.o
 .text.mem_set  0x0000000000000000       0x14 build_arm_cortex_m3_base_boot_stm32l/utils.o
 .text.mem_cpy  0x0000000000000000       0x14 build_arm_cortex_m3_base_boot_stm32l/utils.o
 .text.mem_read
                0x0000000000000000       0x20 build_arm_cortex_m3_base_boot_stm32l/utils.o
 .text.mem_write
                0x0000000000000000       0x20 build_arm_cortex_m3_base_boot_stm32l/utils.o
 .text.str_cmp  0x0000000000000000       0x34 build_arm_cortex_m3_base_boot_stm32l/utils.o
 .text.str_cpy  0x0000000000000000       0x38 build_arm_cortex_m3_base_boot_stm32l/utils.o
 .debug_info    0x0000000000000000      0xd75 build_arm_cortex_m3_base_boot_stm32l/utils.o
 .debug_abbrev  0x0000000000000000      0x2e9 build_arm_cortex_m3_base_boot_stm32l/utils.o
 .debug_loc     0x0000000000000000      0x7a5 build_arm_cortex_m3_base_boot_stm32l/utils.o
 .debug_aranges
                0x0000000000000000       0x58 build_arm_cortex_m3_base_boot_stm32l/utils.o
 .debug_ranges  0x0000000000000000       0x60 build_arm_cortex_m3_base_boot_stm32l/utils.o
 .debug_line    0x0000000000000000      0x475 build_arm_cortex_m3_base_boot_stm32l/utils.o
 .debug_str     0x0000000000000000      0x648 build_arm_cortex_m3_base_boot_stm32l/utils.o
 .comment       0x0000000000000000       0x77 build_arm_cortex_m3_base_boot_stm32l/utils.o
 .debug_frame   0x0000000000000000       0xd0 build_arm_cortex_m3_base_boot_stm32l/utils.o
 .ARM.attributes
                0x0000000000000000       0x2d build_arm_cortex_m3_base_boot_stm32l/utils.o
 .text          0x0000000000000000        0x0 build_arm_cortex_m3_base_boot_stm32l/xprintf.o
 .data          0x0000000000000000        0x0 build_arm_cortex_m3_base_boot_stm32l/xprintf.o
 .bss           0x0000000000000000        0x0 build_arm_cortex_m3_base_boot_stm32l/xprintf.o
 .text.xputc    0x0000000000000000       0x28 build_arm_cortex_m3_base_boot_stm32l/xprintf.o
 .text          0x0000000000000000        0x0 build_arm_cortex_m3_base_boot_stm32l/led.o
[...]
Memory Configuration

Name             Origin             Length             Attributes
FLASH            0x0000000008000000 0x0000000000002000 xr
BSF              0x0000000008002000 0x0000000000001000 xr
SRAM             0x0000000020000000 0x0000000000004000 xrw
*default*        0x0000000000000000 0xffffffffffffffff

Linker script and memory map

                0x0000000000000000                HEAP_SIZE = 0x0
                0x0000000000000000                . = ALIGN (0x4)

.start_boot_share_data_flash
                0x0000000008002000        0x0
                0x0000000008002000                _start_boot_share_data_flash = .

.start_flash    0x0000000008000000        0x0
                0x0000000008000000                _start_flash = .

.isr_vector     0x0000000008000000       0xf4
 *(.isr_vector)
 .isr_vector    0x0000000008000000       0xf4 build_arm_cortex_m3_base_boot_stm32l/system.o
                0x0000000008000000                isr_vector

.text           0x00000000080000f8     0x182c
 *(.text)
 .text          0x00000000080000f8       0xec /home/lamht/workspace/tools/gcc-arm-none-eabi-8-2019-q3-update/arm-none-eabi/lib/thumb/v7-m/nofp/libc.a(lib_a-memcpy.o)
                0x00000000080000f8                memcpy
 *(.text*)
 .text.xprintf  0x00000000080001e4      0x200 build_arm_cortex_m3_base_boot_stm32l/xprintf.o
                0x00000000080001e4                xprintf
 .text.led_init
                0x00000000080003e4       0x20 build_arm_cortex_m3_base_boot_stm32l/led.o
                0x00000000080003e4                led_init
 .text.led_off  0x0000000008000404        0xc build_arm_cortex_m3_base_boot_stm32l/led.o
                0x0000000008000404                led_off
 .text.led_blink_set
                0x0000000008000410       0x18 build_arm_cortex_m3_base_boot_stm32l/led.o
                0x0000000008000410                led_blink_set
 .text.led_blink_reset
                0x0000000008000428       0x14 build_arm_cortex_m3_base_boot_stm32l/led.o
                0x0000000008000428                led_blink_reset
 .text.led_blink_polling
                0x000000000800043c       0x44 build_arm_cortex_m3_base_boot_stm32l/led.o
                0x000000000800043c                led_blink_polling
 .text.flash_wait_to_idle
                0x0000000008000480       0x48 build_arm_cortex_m3_base_boot_stm32l/flash.o
 .text.flash_read
                0x00000000080004c8       0x4c build_arm_cortex_m3_base_boot_stm32l/flash.o
                0x00000000080004c8                flash_read
 .text.sys_boot_init
                0x0000000008000514       0x18 build_arm_cortex_m3_base_boot_stm32l/sys_boot.o
                0x0000000008000514                sys_boot_init
 .text.sys_boot_get
                0x000000000800052c        0xc build_arm_cortex_m3_base_boot_stm32l/sys_boot.o
                0x000000000800052c                sys_boot_get
 .text.sys_boot_set
                0x0000000008000538       0x34 build_arm_cortex_m3_base_boot_stm32l/sys_boot.o
                0x0000000008000538                sys_boot_set
 .text.GPIO_Init
                0x000000000800056c       0x84 build_arm_cortex_m3_base_boot_stm32l/stm32l1xx_gpio.o
                0x000000000800056c                GPIO_Init
 .text.GPIO_ReadInputDataBit
                0x00000000080005f0        0xc build_arm_cortex_m3_base_boot_stm32l/stm32l1xx_gpio.o
                0x00000000080005f0                GPIO_ReadInputDataBit
 .text.GPIO_SetBits
                0x00000000080005fc        0x4 build_arm_cortex_m3_base_boot_stm32l/stm32l1xx_gpio.o
                0x00000000080005fc                GPIO_SetBits
 .text.GPIO_ResetBits
                0x0000000008000600        0x4 build_arm_cortex_m3_base_boot_stm32l/stm32l1xx_gpio.o
                0x0000000008000600                GPIO_ResetBits
 .text.GPIO_PinAFConfig
                0x0000000008000604       0x28 build_arm_cortex_m3_base_boot_stm32l/stm32l1xx_gpio.o
                0x0000000008000604                GPIO_PinAFConfig
 .text.RCC_GetClocksFreq
                0x000000000800062c       0xac build_arm_cortex_m3_base_boot_stm32l/stm32l1xx_rcc.o
                0x000000000800062c                RCC_GetClocksFreq
 .text.RCC_AHBPeriphClockCmd
                0x00000000080006d8       0x18 build_arm_cortex_m3_base_boot_stm32l/stm32l1xx_rcc.o
                0x00000000080006d8                RCC_AHBPeriphClockCmd
 .text.RCC_APB2PeriphClockCmd
                0x00000000080006f0       0x18 build_arm_cortex_m3_base_boot_stm32l/stm32l1xx_rcc.o
                0x00000000080006f0                RCC_APB2PeriphClockCmd
 .text.RCC_APB1PeriphClockCmd
                0x0000000008000708       0x18 build_arm_cortex_m3_base_boot_stm32l/stm32l1xx_rcc.o
                0x0000000008000708                RCC_APB1PeriphClockCmd
 .text.RCC_GetFlagStatus
                0x0000000008000720       0x20 build_arm_cortex_m3_base_boot_stm32l/stm32l1xx_rcc.o
                0x0000000008000720                RCC_GetFlagStatus
 .text.RCC_ClearFlag
                0x0000000008000740       0x10 build_arm_cortex_m3_base_boot_stm32l/stm32l1xx_rcc.o
                0x0000000008000740                RCC_ClearFlag
 .text.USART_Init
                0x0000000008000750       0xb4 build_arm_cortex_m3_base_boot_stm32l/stm32l1xx_usart.o
                0x0000000008000750                USART_Init
 .text.USART_Cmd
                0x0000000008000804       0x18 build_arm_cortex_m3_base_boot_stm32l/stm32l1xx_usart.o
                0x0000000008000804                USART_Cmd
 .text.USART_SendData
                0x000000000800081c        0x8 build_arm_cortex_m3_base_boot_stm32l/stm32l1xx_usart.o
                0x000000000800081c                USART_SendData
 .text.USART_ReceiveData
                0x0000000008000824        0x8 build_arm_cortex_m3_base_boot_stm32l/stm32l1xx_usart.o
                0x0000000008000824                USART_ReceiveData
 .text.USART_ITConfig
                0x000000000800082c       0x38 build_arm_cortex_m3_base_boot_stm32l/stm32l1xx_usart.o
                0x000000000800082c                USART_ITConfig
 .text.USART_GetFlagStatus
                0x0000000008000864        0xc build_arm_cortex_m3_base_boot_stm32l/stm32l1xx_usart.o
                0x0000000008000864                USART_GetFlagStatus
 .text.USART_GetITStatus
                0x0000000008000870       0x44 build_arm_cortex_m3_base_boot_stm32l/stm32l1xx_usart.o
                0x0000000008000870                USART_GetITStatus
 .text.USART_ClearITPendingBit
                0x00000000080008b4       0x10 build_arm_cortex_m3_base_boot_stm32l/stm32l1xx_usart.o
                0x00000000080008b4                USART_ClearITPendingBit
 .text.SPI_Init
                0x00000000080008c4       0x40 build_arm_cortex_m3_base_boot_stm32l/stm32l1xx_spi.o
                0x00000000080008c4                SPI_Init
 .text.SPI_Cmd  0x0000000008000904       0x18 build_arm_cortex_m3_base_boot_stm32l/stm32l1xx_spi.o
                0x0000000008000904                SPI_Cmd
 .text.SPI_I2S_ReceiveData
                0x000000000800091c        0x4 build_arm_cortex_m3_base_boot_stm32l/stm32l1xx_spi.o
                0x000000000800091c                SPI_I2S_ReceiveData
 .text.SPI_I2S_SendData
                0x0000000008000920        0x4 build_arm_cortex_m3_base_boot_stm32l/stm32l1xx_spi.o
                0x0000000008000920                SPI_I2S_SendData
 .text.SPI_I2S_GetFlagStatus
                0x0000000008000924        0xc build_arm_cortex_m3_base_boot_stm32l/stm32l1xx_spi.o
                0x0000000008000924                SPI_I2S_GetFlagStatus
 .text.NVIC_Init
                0x0000000008000930       0x5c build_arm_cortex_m3_base_boot_stm32l/misc.o
                0x0000000008000930                NVIC_Init
 .text.FLASH_Unlock
                0x000000000800098c       0x38 build_arm_cortex_m3_base_boot_stm32l/stm32l1xx_flash.o
                0x000000000800098c                FLASH_Unlock
 .text.FLASH_ClearFlag
                0x00000000080009c4        0xc build_arm_cortex_m3_base_boot_stm32l/stm32l1xx_flash.o
                0x00000000080009c4                FLASH_ClearFlag
 .text.FLASH_GetStatus
                0x00000000080009d0       0x28 build_arm_cortex_m3_base_boot_stm32l/stm32l1xx_flash.o
                0x00000000080009d0                FLASH_GetStatus
 .text.FLASH_WaitForLastOperation
                0x00000000080009f8       0x48 build_arm_cortex_m3_base_boot_stm32l/stm32l1xx_flash.o
                0x00000000080009f8                FLASH_WaitForLastOperation
 .text.FLASH_ErasePage
                0x0000000008000a40       0x48 build_arm_cortex_m3_base_boot_stm32l/stm32l1xx_flash.o
                0x0000000008000a40                FLASH_ErasePage
 .text.FLASH_FastProgramWord
                0x0000000008000a88       0x24 build_arm_cortex_m3_base_boot_stm32l/stm32l1xx_flash.o
                0x0000000008000a88                FLASH_FastProgramWord
 .text.IWDG_WriteAccessCmd
                0x0000000008000aac        0xc build_arm_cortex_m3_base_boot_stm32l/stm32l1xx_iwdg.o
                0x0000000008000aac                IWDG_WriteAccessCmd
 .text.IWDG_SetPrescaler
                0x0000000008000ab8        0xc build_arm_cortex_m3_base_boot_stm32l/stm32l1xx_iwdg.o
                0x0000000008000ab8                IWDG_SetPrescaler
 .text.IWDG_SetReload
                0x0000000008000ac4        0xc build_arm_cortex_m3_base_boot_stm32l/stm32l1xx_iwdg.o
                0x0000000008000ac4                IWDG_SetReload
 .text.IWDG_ReloadCounter
                0x0000000008000ad0       0x10 build_arm_cortex_m3_base_boot_stm32l/stm32l1xx_iwdg.o
                0x0000000008000ad0                IWDG_ReloadCounter
 .text.IWDG_Enable
                0x0000000008000ae0       0x10 build_arm_cortex_m3_base_boot_stm32l/stm32l1xx_iwdg.o
                0x0000000008000ae0                IWDG_Enable
 .text.disable_interrupts
                0x0000000008000af0       0x10 build_arm_cortex_m3_base_boot_stm32l/stm32l.o
                0x0000000008000af0                disable_interrupts
 .text.entry_critical
                0x0000000008000b00       0x14 build_arm_cortex_m3_base_boot_stm32l/stm32l.o
                0x0000000008000b00                entry_critical
 .text.exit_critical
                0x0000000008000b14       0x14 build_arm_cortex_m3_base_boot_stm32l/stm32l.o
                0x0000000008000b14                exit_critical
 .text.default_handler
                0x0000000008000b28        0x4 build_arm_cortex_m3_base_boot_stm32l/system.o
                0x0000000008000b28                svc_handler
                0x0000000008000b28                default_handler
                0x0000000008000b28                dg_monitor_handler
                0x0000000008000b28                pendsv_handler
 .text.nmi_handler
                0x0000000008000b2c        0x4 build_arm_cortex_m3_base_boot_stm32l/system.o
                0x0000000008000b2c                nmi_handler
 .text.shell_handler
                0x0000000008000b30       0x20 build_arm_cortex_m3_base_boot_stm32l/system.o
 .text.reset_handler
                0x0000000008000b50       0xa0 build_arm_cortex_m3_base_boot_stm32l/system.o
                0x0000000008000b50                reset_handler
 .text.systick_handler
                0x0000000008000bf0        0x4 build_arm_cortex_m3_base_boot_stm32l/system.o
                0x0000000008000bf0                systick_handler
 .text.usage_fault_handler
                0x0000000008000bf4        0x4 build_arm_cortex_m3_base_boot_stm32l/system.o
                0x0000000008000bf4                usage_fault_handler
 .text.hard_fault_handler
                0x0000000008000bf8        0x4 build_arm_cortex_m3_base_boot_stm32l/system.o
                0x0000000008000bf8                hard_fault_handler
 .text.mem_manage_handler
                0x0000000008000bfc        0x4 build_arm_cortex_m3_base_boot_stm32l/system.o
                0x0000000008000bfc                mem_manage_handler
 .text.bus_fault_handler
                0x0000000008000c00        0x4 build_arm_cortex_m3_base_boot_stm32l/system.o
                0x0000000008000c00                bus_fault_handler
 .text.sys_cfg_tick
                0x0000000008000c04       0x40 build_arm_cortex_m3_base_boot_stm32l/sys_cfg.o
                0x0000000008000c04                sys_cfg_tick
 .text.sys_cfg_console
                0x0000000008000c44       0xb4 build_arm_cortex_m3_base_boot_stm32l/sys_cfg.o
                0x0000000008000c44                sys_cfg_console
 .text.sys_ctrl_shell_put_char
                0x0000000008000cf8       0x2c build_arm_cortex_m3_base_boot_stm32l/sys_cfg.o
                0x0000000008000cf8                sys_ctrl_shell_put_char
 .text.xputchar
                0x0000000008000d24        0x4 build_arm_cortex_m3_base_boot_stm32l/sys_cfg.o
 .text.sys_ctrl_shell_get_char
                0x0000000008000d28       0x2c build_arm_cortex_m3_base_boot_stm32l/sys_cfg.o
                0x0000000008000d28                sys_ctrl_shell_get_char
 .text.sys_ctrl_reset
                0x0000000008000d54       0x20 build_arm_cortex_m3_base_boot_stm32l/sys_cfg.o
                0x0000000008000d54                sys_ctrl_reset
 .text.sys_ctrl_delay_us
                0x0000000008000d74       0x1c build_arm_cortex_m3_base_boot_stm32l/sys_cfg.o
                0x0000000008000d74                sys_ctrl_delay_us
 .text.sys_ctrl_delay_ms
                0x0000000008000d90       0x28 build_arm_cortex_m3_base_boot_stm32l/sys_cfg.o
                0x0000000008000d90                sys_ctrl_delay_ms
 .text.sys_ctrl_independent_watchdog_init
                0x0000000008000db8       0x30 build_arm_cortex_m3_base_boot_stm32l/sys_cfg.o
                0x0000000008000db8                sys_ctrl_independent_watchdog_init
 .text.sys_ctrl_independent_watchdog_reset
                0x0000000008000de8       0x14 build_arm_cortex_m3_base_boot_stm32l/sys_cfg.o
                0x0000000008000de8                sys_ctrl_independent_watchdog_reset
 .text.sys_ctrl_get_firmware_info
                0x0000000008000dfc       0x48 build_arm_cortex_m3_base_boot_stm32l/sys_cfg.o
                0x0000000008000dfc                sys_ctrl_get_firmware_info
 .text.sys_ctrl_jump_to_app
                0x0000000008000e44       0x3c build_arm_cortex_m3_base_boot_stm32l/sys_cfg.o
                0x0000000008000e44                sys_ctrl_jump_to_app
 .text.io_button_mode_init
                0x0000000008000e80       0x28 build_arm_cortex_m3_base_boot_stm32l/io_cfg.o
                0x0000000008000e80                io_button_mode_init
 .text.io_button_mode_read
                0x0000000008000ea8        0xc build_arm_cortex_m3_base_boot_stm32l/io_cfg.o
                0x0000000008000ea8                io_button_mode_read
 .text.led_life_init
                0x0000000008000eb4       0x2c build_arm_cortex_m3_base_boot_stm32l/io_cfg.o
                0x0000000008000eb4                led_life_init
 .text.led_life_on
                0x0000000008000ee0       0x10 build_arm_cortex_m3_base_boot_stm32l/io_cfg.o
                0x0000000008000ee0                led_life_on
 .text.led_life_off
                0x0000000008000ef0       0x10 build_arm_cortex_m3_base_boot_stm32l/io_cfg.o
                0x0000000008000ef0                led_life_off
 .text.flash_io_ctrl_init
                0x0000000008000f00       0x2c build_arm_cortex_m3_base_boot_stm32l/io_cfg.o
                0x0000000008000f00                flash_io_ctrl_init
 .text.flash_cs_low
                0x0000000008000f2c       0x10 build_arm_cortex_m3_base_boot_stm32l/io_cfg.o
                0x0000000008000f2c                flash_cs_low
 .text.flash_cs_high
                0x0000000008000f3c       0x10 build_arm_cortex_m3_base_boot_stm32l/io_cfg.o
                0x0000000008000f3c                flash_cs_high
 .text.flash_transfer
                0x0000000008000f4c       0x34 build_arm_cortex_m3_base_boot_stm32l/io_cfg.o
                0x0000000008000f4c                flash_transfer
 .text.internal_flash_unlock
                0x0000000008000f80       0x14 build_arm_cortex_m3_base_boot_stm32l/io_cfg.o
                0x0000000008000f80                internal_flash_unlock
 .text.internal_flash_erase_pages_cal
                0x0000000008000f94       0x2c build_arm_cortex_m3_base_boot_stm32l/io_cfg.o
                0x0000000008000f94                internal_flash_erase_pages_cal
 .text.internal_flash_write_cal
                0x0000000008000fc0       0x54 build_arm_cortex_m3_base_boot_stm32l/io_cfg.o
                0x0000000008000fc0                internal_flash_write_cal
 .text.SystemInit
                0x0000000008001014      0x118 build_arm_cortex_m3_base_boot_stm32l/system_stm32l1xx.o
                0x0000000008001014                SystemInit
 .text._ZL43jump_to_application_before_reset_peripheralv
                0x000000000800112c       0x60 build_arm_cortex_m3_base_boot_stm32l/app.o
 .text._Z29uart_boot_cmd_checksum_fw_resPv
                0x000000000800118c       0x54 build_arm_cortex_m3_base_boot_stm32l/app.o
                0x000000000800118c                uart_boot_cmd_checksum_fw_res(void*)
 .text._Z27uart_boot_cmd_handshake_resPv
                0x00000000080011e0       0x40 build_arm_cortex_m3_base_boot_stm32l/app.o
                0x00000000080011e0                uart_boot_cmd_handshake_res(void*)
 .text._Z24uart_boot_cmd_update_resPv
                0x0000000008001220       0xb0 build_arm_cortex_m3_base_boot_stm32l/app.o
                0x0000000008001220                uart_boot_cmd_update_res(void*)
 .text._Z29uart_boot_cmd_transfer_fw_resPv
                0x00000000080012d0       0x88 build_arm_cortex_m3_base_boot_stm32l/app.o
                0x00000000080012d0                uart_boot_cmd_transfer_fw_res(void*)
 .text.sys_irq_shell
                0x0000000008001358       0x10 build_arm_cortex_m3_base_boot_stm32l/app.o
                0x0000000008001358                sys_irq_shell
 .text.boot_main
                0x0000000008001368      0x1d8 build_arm_cortex_m3_base_boot_stm32l/app.o
                0x0000000008001368                boot_main
 .text.sys_irq_timer_10ms
                0x0000000008001540        0xc build_arm_cortex_m3_base_boot_stm32l/app.o
                0x0000000008001540                sys_irq_timer_10ms
 .text._Z14uart_boot_initPFvPvE
                0x000000000800154c       0x14 build_arm_cortex_m3_base_boot_stm32l/uart_boot.o
                0x000000000800154c                uart_boot_init(void (*)(void*))
 .text._Z25set_uart_boot_cmd_handlerPFvPvE
                0x0000000008001560       0x10 build_arm_cortex_m3_base_boot_stm32l/uart_boot.o
                0x0000000008001560                set_uart_boot_cmd_handler(void (*)(void*))
 .text._Z21uart_boot_is_requiredv
                0x0000000008001570       0x1c build_arm_cortex_m3_base_boot_stm32l/uart_boot.o
                0x0000000008001570                uart_boot_is_required()
 .text._Z15uart_boot_writePhh
                0x000000000800158c       0x3c build_arm_cortex_m3_base_boot_stm32l/uart_boot.o
                0x000000000800158c                uart_boot_write(unsigned char*, unsigned char)
 .text._Z25uart_boot_rx_frame_parserh
                0x00000000080015c8       0x88 build_arm_cortex_m3_base_boot_stm32l/uart_boot.o
                0x00000000080015c8                uart_boot_rx_frame_parser(unsigned char)
 .text._Z31uart_boot_data_cmd_get_len_usedP20uart_boot_data_cmd_t
                0x0000000008001650        0x8 build_arm_cortex_m3_base_boot_stm32l/uart_boot.o
                0x0000000008001650                uart_boot_data_cmd_get_len_used(uart_boot_data_cmd_t*)
 .text._ZN8SPIClass5beginEv
                0x0000000008001658       0x98 build_arm_cortex_m3_base_boot_stm32l/SPI.o
                0x0000000008001658                SPIClass::begin()
 .text.startup._GLOBAL__sub_I__ZN8SPIClassC2Ev
                0x00000000080016f0       0x10 build_arm_cortex_m3_base_boot_stm32l/SPI.o
 .text.memcmp   0x0000000008001700       0x60 /home/lamht/workspace/tools/gcc-arm-none-eabi-8-2019-q3-update/arm-none-eabi/lib/thumb/v7-m/nofp/libc.a(lib_a-memcmp.o)
                0x0000000008001700                memcmp
 .text.memset   0x0000000008001760       0xa0 /home/lamht/workspace/tools/gcc-arm-none-eabi-8-2019-q3-update/arm-none-eabi/lib/thumb/v7-m/nofp/libc.a(lib_a-memset.o)
                0x0000000008001760                memset
 .text.memset.__stub
                0x0000000008001800        0x8 linker stubs
 *(.rodata)
 *(.rodata*)
 .rodata.boot_main.str1.4
                0x0000000008001808      0x112 build_arm_cortex_m3_base_boot_stm32l/app.o
 *fill*         0x000000000800191a        0x2 
 .rodata.str1.4
                0x000000000800191c        0x8 build_arm_cortex_m3_base_boot_stm32l/app.o
                                          0x6 (size before relaxing)
 *(.glue_7)
 .glue_7        0x0000000008001924        0x0 linker stubs
 *(.glue_7t)
 .glue_7t       0x0000000008001924        0x0 linker stubs
 *(.init)
 *(.fini)
                0x0000000008001924                _etext = .

.vfp11_veneer   0x0000000008001924        0x0
 .vfp11_veneer  0x0000000008001924        0x0 linker stubs

.v4_bx          0x0000000008001924        0x0
 .v4_bx         0x0000000008001924        0x0 linker stubs

.iplt           0x0000000008001924        0x0
 .iplt          0x0000000008001924        0x0 build_arm_cortex_m3_base_boot_stm32l/xprintf.o

.rel.dyn        0x0000000008001924        0x0
 .rel.iplt      0x0000000008001924        0x0 build_arm_cortex_m3_base_boot_stm32l/xprintf.o

.preinit_array  0x0000000008001924        0x0
                [!provide]                        PROVIDE (__preinit_array_start = .)
 *(SORT_BY_NAME(.preinit_array.*))
 *(.preinit_array*)
                [!provide]                        PROVIDE (__preinit_array_end = .)

.init_array     0x0000000008001924        0x4
                [!provide]                        PROVIDE (__init_array_start = .)
 *(SORT_BY_NAME(.init_array.*))
 *(.init_array*)
 .init_array    0x0000000008001924        0x4 build_arm_cortex_m3_base_boot_stm32l/SPI.o
                [!provide]                        PROVIDE (__init_array_end = .)

.fini_array     0x0000000008001928        0x0
                [!provide]                        PROVIDE (__fini_array_start = .)
 *(.fini_array*)
 *(SORT_BY_NAME(.fini_array.*))
                [!provide]                        PROVIDE (__fini_array_end = .)

.end_flash      0x0000000008001928        0x0
                0x0000000008001928                _end_flash = .

.start_ram      0x0000000020000000        0x0
                0x0000000020000000                _start_ram = .

.data           0x0000000020000000      0x2e0 load address 0x0000000008001928
                0x0000000020000000                _data = .
                0x0000000008001928                _ldata = LOADADDR (.data)
 *(vtable)
 *(.data)
 *(.data*)
 .data.APBAHBPrescTable
                0x0000000020000000       0x10 build_arm_cortex_m3_base_boot_stm32l/stm32l1xx_rcc.o
 .data.PLLMulTable
                0x0000000020000010        0x9 build_arm_cortex_m3_base_boot_stm32l/stm32l1xx_rcc.o
 *fill*         0x0000000020000019        0x3 
 .data.SystemCoreClock
                0x000000002000001c        0x4 build_arm_cortex_m3_base_boot_stm32l/system_stm32l1xx.o
                0x000000002000001c                SystemCoreClock
 .data.boot_version
                0x0000000020000020        0x4 build_arm_cortex_m3_base_boot_stm32l/app.o
                0x0000000020000020                boot_version
 *(.RamFunc)
 .RamFunc       0x0000000020000024      0x2bc build_arm_cortex_m3_base_boot_stm32l/stm32l1xx_flash_ramfunc.o
                0x0000000020000098                FLASH_RUNPowerDownCmd
                0x00000000200000d4                FLASH_EraseParallelPage
                0x0000000020000128                FLASH_ProgramHalfPage
                0x0000000020000194                FLASH_ProgramParallelHalfPage
                0x000000002000022c                DATA_EEPROM_EraseDoubleWord
                0x0000000020000284                DATA_EEPROM_ProgramDoubleWord
 *(.RamFunc*)
                0x00000000200002e0                _edata = .

.igot.plt       0x00000000200002e0        0x0 load address 0x0000000008001c08
 .igot.plt      0x00000000200002e0        0x0 build_arm_cortex_m3_base_boot_stm32l/xprintf.o

non_clear_ram   0x00000000200002e0        0x1 load address 0x0000000008001c08
 non_clear_ram  0x00000000200002e0        0x1 build_arm_cortex_m3_base_boot_stm32l/system.o
                0x00000000200002e0                power_on_reset

.non_clear_ram  0x00000000200002e1        0x0
                0x00000000200002e1                _non_clear_ram = .
 *(.non_clear_ram)
 *(.non_clear_ram*)
                0x00000000200002e1                _enon_clear_ram = .

.bss            0x00000000200002e4      0x1e8 load address 0x0000000008001c0c
                0x00000000200002e4                _bss = .
 *(.bss)
 *(.bss*)
 .bss.sys_boot_obj
                0x00000000200002e4       0x58 build_arm_cortex_m3_base_boot_stm32l/sys_boot.o
 .bss.nest_entry_critical_counter
                0x000000002000033c        0x4 build_arm_cortex_m3_base_boot_stm32l/stm32l.o
 .bss._ZL17transfer_fw_index
                0x0000000020000340        0x4 build_arm_cortex_m3_base_boot_stm32l/app.o
 .bss.app_sys_boot
                0x0000000020000344       0x58 build_arm_cortex_m3_base_boot_stm32l/app.o
                0x0000000020000344                app_sys_boot
 .bss.led_life  0x000000002000039c       0x1c build_arm_cortex_m3_base_boot_stm32l/app.o
                0x000000002000039c                led_life
 .bss._ZL15uart_boot_frame
                0x00000000200003b8      0x108 build_arm_cortex_m3_base_boot_stm32l/uart_boot.o
 .bss.SPI       0x00000000200004c0        0x2 build_arm_cortex_m3_base_boot_stm32l/SPI.o
                0x00000000200004c0                SPI
 *(COMMON)
 *fill*         0x00000000200004c2        0x2 
 COMMON         0x00000000200004c4        0x4 build_arm_cortex_m3_base_boot_stm32l/xprintf.o
                0x00000000200004c4                xfunc_out
 COMMON         0x00000000200004c8        0x4 build_arm_cortex_m3_base_boot_stm32l/sys_cfg.o
                0x00000000200004c8                sys_ctrl_jump_to_app_req
                0x00000000200004cc                _ebss = .

.heap           0x00000000200004cc        0x0
                0x00000000200004cc                __heap_start__ = .
                0x00000000200004cc                . = (. + HEAP_SIZE)
                0x00000000200004cc                . = ALIGN (0x4)
                0x00000000200004cc                __heap_end__ = .

.end_ram        0x00000000200004cc        0x0
                0x00000000200004cc                _end_ram = .
                0x0000000020004000                _estack = (ORIGIN (SRAM) + LENGTH (SRAM))

/DISCARD/
 libc.a(*)
 libm.a(*)
 libg.a(*)
 libgcc.a(*)
LOAD /home/lamht/workspace/tools/gcc-arm-none-eabi-8-2019-q3-update/arm-none-eabi/lib/thumb/v7-m/nofp/libc.a
LOAD /home/lamht/workspace/tools/gcc-arm-none-eabi-8-2019-q3-update/arm-none-eabi/lib/thumb/v7-m/nofp/libm.a
LOAD /home/lamht/workspace/tools/gcc-arm-none-eabi-8-2019-q3-update/lib/gcc/arm-none-eabi/8.3.1/thumb/v7-m/nofp/libgcc.a
LOAD /home/lamht/workspace/tools/gcc-arm-none-eabi-8-2019-q3-update/arm-none-eabi/lib/thumb/v7-m/nofp/libg.a
LOAD build_arm_cortex_m3_base_boot_stm32l/utils.o
LOAD build_arm_cortex_m3_base_boot_stm32l/xprintf.o
LOAD build_arm_cortex_m3_base_boot_stm32l/led.o
LOAD build_arm_cortex_m3_base_boot_stm32l/flash.o
LOAD build_arm_cortex_m3_base_boot_stm32l/sys_dbg.o
LOAD build_arm_cortex_m3_base_boot_stm32l/sys_boot.o
LOAD build_arm_cortex_m3_base_boot_stm32l/stm32l1xx_gpio.o
LOAD build_arm_cortex_m3_base_boot_stm32l/stm32l1xx_rcc.o
LOAD build_arm_cortex_m3_base_boot_stm32l/stm32l1xx_usart.o
LOAD build_arm_cortex_m3_base_boot_stm32l/stm32l1xx_spi.o
LOAD build_arm_cortex_m3_base_boot_stm32l/misc.o
LOAD build_arm_cortex_m3_base_boot_stm32l/stm32l1xx_exti.o
LOAD build_arm_cortex_m3_base_boot_stm32l/stm32l1xx_syscfg.o
LOAD build_arm_cortex_m3_base_boot_stm32l/stm32l1xx_tim.o
LOAD build_arm_cortex_m3_base_boot_stm32l/stm32l1xx_adc.o
LOAD build_arm_cortex_m3_base_boot_stm32l/stm32l1xx_rtc.o
LOAD build_arm_cortex_m3_base_boot_stm32l/stm32l1xx_pwr.o
LOAD build_arm_cortex_m3_base_boot_stm32l/stm32l1xx_flash.o
LOAD build_arm_cortex_m3_base_boot_stm32l/stm32l1xx_iwdg.o
LOAD build_arm_cortex_m3_base_boot_stm32l/stm32l1xx_comp.o
LOAD build_arm_cortex_m3_base_boot_stm32l/stm32l1xx_dac.o
LOAD build_arm_cortex_m3_base_boot_stm32l/stm32l1xx_flash_ramfunc.o
LOAD build_arm_cortex_m3_base_boot_stm32l/stm32l.o
LOAD build_arm_cortex_m3_base_boot_stm32l/system.o
LOAD build_arm_cortex_m3_base_boot_stm32l/sys_cfg.o
LOAD build_arm_cortex_m3_base_boot_stm32l/io_cfg.o
LOAD build_arm_cortex_m3_base_boot_stm32l/system_stm32l1xx.o
LOAD build_arm_cortex_m3_base_boot_stm32l/app.o
LOAD build_arm_cortex_m3_base_boot_stm32l/uart_boot.o
LOAD build_arm_cortex_m3_base_boot_stm32l/eeprom.o
LOAD build_arm_cortex_m3_base_boot_stm32l/SPI.o
LOAD build_arm_cortex_m3_base_boot_stm32l/wiring_digital.o
LOAD build_arm_cortex_m3_base_boot_stm32l/wiring_shift.o
LOAD build_arm_cortex_m3_base_boot_stm32l/Print.o
LOAD /home/lamht/workspace/tools/gcc-arm-none-eabi-8-2019-q3-update/arm-none-eabi/lib/thumb/v7-m/nofp/libc.a
LOAD /home/lamht/workspace/tools/gcc-arm-none-eabi-8-2019-q3-update/arm-none-eabi/lib/thumb/v7-m/nofp/libm.a
LOAD /home/lamht/workspace/tools/gcc-arm-none-eabi-8-2019-q3-update/lib/gcc/arm-none-eabi/8.3.1/thumb/v7-m/nofp/libgcc.a
LOAD /home/lamht/workspace/tools/gcc-arm-none-eabi-8-2019-q3-update/arm-none-eabi/lib/thumb/v7-m/nofp/libg.a
OUTPUT(build_arm_cortex_m3_base_boot_stm32l/arm_cortex_m3_base_boot.axf elf32-littlearm)

.debug_info     0x0000000000000000    0x12243
 .debug_info    0x0000000000000000      0xccb build_arm_cortex_m3_base_boot_stm32l/xprintf.o
 .debug_info    0x0000000000000ccb      0x3f8 build_arm_cortex_m3_base_boot_stm32l/led.o
 .debug_info    0x00000000000010c3      0x754 build_arm_cortex_m3_base_boot_stm32l/flash.o
 .debug_info    0x0000000000001817      0xc80 build_arm_cortex_m3_base_boot_stm32l/sys_boot.o
 .debug_info    0x0000000000002497      0x889 build_arm_cortex_m3_base_boot_stm32l/stm32l1xx_gpio.o
 .debug_info    0x0000000000002d20      0xbee build_arm_cortex_m3_base_boot_stm32l/stm32l1xx_rcc.o
 .debug_info    0x000000000000390e      0xc3a build_arm_cortex_m3_base_boot_stm32l/stm32l1xx_usart.o
 .debug_info    0x0000000000004548      0xad0 build_arm_cortex_m3_base_boot_stm32l/stm32l1xx_spi.o
 .debug_info    0x0000000000005018      0x5ac build_arm_cortex_m3_base_boot_stm32l/misc.o
 .debug_info    0x00000000000055c4     0x17de build_arm_cortex_m3_base_boot_stm32l/stm32l1xx_flash.o
 .debug_info    0x0000000000006da2      0x237 build_arm_cortex_m3_base_boot_stm32l/stm32l1xx_iwdg.o
 .debug_info    0x0000000000006fd9      0x5dd build_arm_cortex_m3_base_boot_stm32l/stm32l1xx_flash_ramfunc.o
 .debug_info    0x00000000000075b6      0x1db build_arm_cortex_m3_base_boot_stm32l/stm32l.o
 .debug_info    0x0000000000007791      0x5d5 build_arm_cortex_m3_base_boot_stm32l/system.o
 .debug_info    0x0000000000007d66     0x14e6 build_arm_cortex_m3_base_boot_stm32l/sys_cfg.o
 .debug_info    0x000000000000924c     0x395f build_arm_cortex_m3_base_boot_stm32l/io_cfg.o
 .debug_info    0x000000000000cbab      0x5fb build_arm_cortex_m3_base_boot_stm32l/system_stm32l1xx.o
 .debug_info    0x000000000000d1a6     0x3f0e build_arm_cortex_m3_base_boot_stm32l/app.o
 .debug_info    0x00000000000110b4      0x57f build_arm_cortex_m3_base_boot_stm32l/uart_boot.o
 .debug_info    0x0000000000011633      0xc10 build_arm_cortex_m3_base_boot_stm32l/SPI.o

.debug_abbrev   0x0000000000000000     0x3624
 .debug_abbrev  0x0000000000000000      0x32f build_arm_cortex_m3_base_boot_stm32l/xprintf.o
 .debug_abbrev  0x000000000000032f      0x19d build_arm_cortex_m3_base_boot_stm32l/led.o
 .debug_abbrev  0x00000000000004cc      0x1b3 build_arm_cortex_m3_base_boot_stm32l/flash.o
 .debug_abbrev  0x000000000000067f      0x2aa build_arm_cortex_m3_base_boot_stm32l/sys_boot.o
 .debug_abbrev  0x0000000000000929      0x247 build_arm_cortex_m3_base_boot_stm32l/stm32l1xx_gpio.o
 .debug_abbrev  0x0000000000000b70      0x2ec build_arm_cortex_m3_base_boot_stm32l/stm32l1xx_rcc.o
 .debug_abbrev  0x0000000000000e5c      0x211 build_arm_cortex_m3_base_boot_stm32l/stm32l1xx_usart.o
 .debug_abbrev  0x000000000000106d      0x236 build_arm_cortex_m3_base_boot_stm32l/stm32l1xx_spi.o
 .debug_abbrev  0x00000000000012a3      0x1ad build_arm_cortex_m3_base_boot_stm32l/misc.o
 .debug_abbrev  0x0000000000001450      0x381 build_arm_cortex_m3_base_boot_stm32l/stm32l1xx_flash.o
 .debug_abbrev  0x00000000000017d1      0x161 build_arm_cortex_m3_base_boot_stm32l/stm32l1xx_iwdg.o
 .debug_abbrev  0x0000000000001932      0x22a build_arm_cortex_m3_base_boot_stm32l/stm32l1xx_flash_ramfunc.o
 .debug_abbrev  0x0000000000001b5c       0xeb build_arm_cortex_m3_base_boot_stm32l/stm32l.o
 .debug_abbrev  0x0000000000001c47      0x2f8 build_arm_cortex_m3_base_boot_stm32l/system.o
 .debug_abbrev  0x0000000000001f3f      0x405 build_arm_cortex_m3_base_boot_stm32l/sys_cfg.o
 .debug_abbrev  0x0000000000002344      0x4b4 build_arm_cortex_m3_base_boot_stm32l/io_cfg.o
 .debug_abbrev  0x00000000000027f8      0x1aa build_arm_cortex_m3_base_boot_stm32l/system_stm32l1xx.o
 .debug_abbrev  0x00000000000029a2      0x686 build_arm_cortex_m3_base_boot_stm32l/app.o
 .debug_abbrev  0x0000000000003028      0x2d8 build_arm_cortex_m3_base_boot_stm32l/uart_boot.o
 .debug_abbrev  0x0000000000003300      0x324 build_arm_cortex_m3_base_boot_stm32l/SPI.o

.debug_loc      0x0000000000000000     0x5c19
 .debug_loc     0x0000000000000000      0x52d build_arm_cortex_m3_base_boot_stm32l/xprintf.o
 .debug_loc     0x000000000000052d      0x2b5 build_arm_cortex_m3_base_boot_stm32l/led.o
 .debug_loc     0x00000000000007e2      0x34c build_arm_cortex_m3_base_boot_stm32l/flash.o
 .debug_loc     0x0000000000000b2e       0x64 build_arm_cortex_m3_base_boot_stm32l/sys_boot.o
 .debug_loc     0x0000000000000b92      0x420 build_arm_cortex_m3_base_boot_stm32l/stm32l1xx_gpio.o
 .debug_loc     0x0000000000000fb2      0x6c5 build_arm_cortex_m3_base_boot_stm32l/stm32l1xx_rcc.o
 .debug_loc     0x0000000000001677      0x92c build_arm_cortex_m3_base_boot_stm32l/stm32l1xx_usart.o
 .debug_loc     0x0000000000001fa3      0x65e build_arm_cortex_m3_base_boot_stm32l/stm32l1xx_spi.o
 .debug_loc     0x0000000000002601      0x160 build_arm_cortex_m3_base_boot_stm32l/misc.o
 .debug_loc     0x0000000000002761     0x1cc6 build_arm_cortex_m3_base_boot_stm32l/stm32l1xx_flash.o
 .debug_loc     0x0000000000004427       0x6c build_arm_cortex_m3_base_boot_stm32l/stm32l1xx_iwdg.o
 .debug_loc     0x0000000000004493      0x4e1 build_arm_cortex_m3_base_boot_stm32l/stm32l1xx_flash_ramfunc.o
 .debug_loc     0x0000000000004974       0x5b build_arm_cortex_m3_base_boot_stm32l/system.o
 .debug_loc     0x00000000000049cf      0x121 build_arm_cortex_m3_base_boot_stm32l/sys_cfg.o
 .debug_loc     0x0000000000004af0      0x726 build_arm_cortex_m3_base_boot_stm32l/io_cfg.o
 .debug_loc     0x0000000000005216      0x14b build_arm_cortex_m3_base_boot_stm32l/system_stm32l1xx.o
 .debug_loc     0x0000000000005361      0x424 build_arm_cortex_m3_base_boot_stm32l/app.o
 .debug_loc     0x0000000000005785      0x2c3 build_arm_cortex_m3_base_boot_stm32l/uart_boot.o
 .debug_loc     0x0000000000005a48      0x1d1 build_arm_cortex_m3_base_boot_stm32l/SPI.o

.debug_aranges  0x0000000000000000      0xc20
 .debug_aranges
                0x0000000000000000       0x28 build_arm_cortex_m3_base_boot_stm32l/xprintf.o
 .debug_aranges
                0x0000000000000028       0x50 build_arm_cortex_m3_base_boot_stm32l/led.o
 .debug_aranges
                0x0000000000000078       0x58 build_arm_cortex_m3_base_boot_stm32l/flash.o
 .debug_aranges
                0x00000000000000d0       0x30 build_arm_cortex_m3_base_boot_stm32l/sys_boot.o
 .debug_aranges
                0x0000000000000100       0x88 build_arm_cortex_m3_base_boot_stm32l/stm32l1xx_gpio.o
 .debug_aranges
                0x0000000000000188      0x148 build_arm_cortex_m3_base_boot_stm32l/stm32l1xx_rcc.o
 .debug_aranges
                0x00000000000002d0      0x100 build_arm_cortex_m3_base_boot_stm32l/stm32l1xx_usart.o
 .debug_aranges
                0x00000000000003d0       0xd0 build_arm_cortex_m3_base_boot_stm32l/stm32l1xx_spi.o
 .debug_aranges
                0x00000000000004a0       0x40 build_arm_cortex_m3_base_boot_stm32l/misc.o
 .debug_aranges
                0x00000000000004e0      0x188 build_arm_cortex_m3_base_boot_stm32l/stm32l1xx_flash.o
 .debug_aranges
                0x0000000000000668       0x48 build_arm_cortex_m3_base_boot_stm32l/stm32l1xx_iwdg.o
 .debug_aranges
                0x00000000000006b0       0x58 build_arm_cortex_m3_base_boot_stm32l/stm32l1xx_flash_ramfunc.o
 .debug_aranges
                0x0000000000000708       0x40 build_arm_cortex_m3_base_boot_stm32l/stm32l.o
 .debug_aranges
                0x0000000000000748       0x58 build_arm_cortex_m3_base_boot_stm32l/system.o
 .debug_aranges
                0x00000000000007a0       0xb0 build_arm_cortex_m3_base_boot_stm32l/sys_cfg.o
 .debug_aranges
                0x0000000000000850      0x298 build_arm_cortex_m3_base_boot_stm32l/io_cfg.o
 .debug_aranges
                0x0000000000000ae8       0x28 build_arm_cortex_m3_base_boot_stm32l/system_stm32l1xx.o
 .debug_aranges
                0x0000000000000b10       0x58 build_arm_cortex_m3_base_boot_stm32l/app.o
 .debug_aranges
                0x0000000000000b68       0x48 build_arm_cortex_m3_base_boot_stm32l/uart_boot.o
 .debug_aranges
                0x0000000000000bb0       0x70 build_arm_cortex_m3_base_boot_stm32l/SPI.o

.debug_ranges   0x0000000000000000      0xdd0
 .debug_ranges  0x0000000000000000       0xd8 build_arm_cortex_m3_base_boot_stm32l/xprintf.o
 .debug_ranges  0x00000000000000d8       0x40 build_arm_cortex_m3_base_boot_stm32l/led.o
 .debug_ranges  0x0000000000000118       0x48 build_arm_cortex_m3_base_boot_stm32l/flash.o
 .debug_ranges  0x0000000000000160       0x20 build_arm_cortex_m3_base_boot_stm32l/sys_boot.o
 .debug_ranges  0x0000000000000180       0x78 build_arm_cortex_m3_base_boot_stm32l/stm32l1xx_gpio.o
 .debug_ranges  0x00000000000001f8      0x160 build_arm_cortex_m3_base_boot_stm32l/stm32l1xx_rcc.o
 .debug_ranges  0x0000000000000358       0xf0 build_arm_cortex_m3_base_boot_stm32l/stm32l1xx_usart.o
 .debug_ranges  0x0000000000000448       0xc0 build_arm_cortex_m3_base_boot_stm32l/stm32l1xx_spi.o
 .debug_ranges  0x0000000000000508       0x30 build_arm_cortex_m3_base_boot_stm32l/misc.o
 .debug_ranges  0x0000000000000538      0x208 build_arm_cortex_m3_base_boot_stm32l/stm32l1xx_flash.o
 .debug_ranges  0x0000000000000740       0x38 build_arm_cortex_m3_base_boot_stm32l/stm32l1xx_iwdg.o
 .debug_ranges  0x0000000000000778       0x48 build_arm_cortex_m3_base_boot_stm32l/stm32l1xx_flash_ramfunc.o
 .debug_ranges  0x00000000000007c0       0x30 build_arm_cortex_m3_base_boot_stm32l/stm32l.o
 .debug_ranges  0x00000000000007f0       0x60 build_arm_cortex_m3_base_boot_stm32l/system.o
 .debug_ranges  0x0000000000000850       0xd0 build_arm_cortex_m3_base_boot_stm32l/sys_cfg.o
 .debug_ranges  0x0000000000000920      0x288 build_arm_cortex_m3_base_boot_stm32l/io_cfg.o
 .debug_ranges  0x0000000000000ba8       0x38 build_arm_cortex_m3_base_boot_stm32l/system_stm32l1xx.o
 .debug_ranges  0x0000000000000be0      0x158 build_arm_cortex_m3_base_boot_stm32l/app.o
 .debug_ranges  0x0000000000000d38       0x38 build_arm_cortex_m3_base_boot_stm32l/uart_boot.o
 .debug_ranges  0x0000000000000d70       0x60 build_arm_cortex_m3_base_boot_stm32l/SPI.o

.debug_line     0x0000000000000000     0x929c
 .debug_line    0x0000000000000000      0x536 build_arm_cortex_m3_base_boot_stm32l/xprintf.o
 .debug_line    0x0000000000000536      0x411 build_arm_cortex_m3_base_boot_stm32l/led.o
 .debug_line    0x0000000000000947      0x4c7 build_arm_cortex_m3_base_boot_stm32l/flash.o
 .debug_line    0x0000000000000e0e      0x305 build_arm_cortex_m3_base_boot_stm32l/sys_boot.o
 .debug_line    0x0000000000001113      0x660 build_arm_cortex_m3_base_boot_stm32l/stm32l1xx_gpio.o
 .debug_line    0x0000000000001773      0xaa6 build_arm_cortex_m3_base_boot_stm32l/stm32l1xx_rcc.o
 .debug_line    0x0000000000002219      0xa05 build_arm_cortex_m3_base_boot_stm32l/stm32l1xx_usart.o
 .debug_line    0x0000000000002c1e      0x817 build_arm_cortex_m3_base_boot_stm32l/stm32l1xx_spi.o
 .debug_line    0x0000000000003435      0x36c build_arm_cortex_m3_base_boot_stm32l/misc.o
 .debug_line    0x00000000000037a1     0x139f build_arm_cortex_m3_base_boot_stm32l/stm32l1xx_flash.o
 .debug_line    0x0000000000004b40      0x2b0 build_arm_cortex_m3_base_boot_stm32l/stm32l1xx_iwdg.o
 .debug_line    0x0000000000004df0      0x63a build_arm_cortex_m3_base_boot_stm32l/stm32l1xx_flash_ramfunc.o
 .debug_line    0x000000000000542a      0x2ec build_arm_cortex_m3_base_boot_stm32l/stm32l.o
 .debug_line    0x0000000000005716      0x4b0 build_arm_cortex_m3_base_boot_stm32l/system.o
 .debug_line    0x0000000000005bc6      0x88f build_arm_cortex_m3_base_boot_stm32l/sys_cfg.o
 .debug_line    0x0000000000006455     0x1565 build_arm_cortex_m3_base_boot_stm32l/io_cfg.o
 .debug_line    0x00000000000079ba      0x41e build_arm_cortex_m3_base_boot_stm32l/system_stm32l1xx.o
 .debug_line    0x0000000000007dd8      0xb45 build_arm_cortex_m3_base_boot_stm32l/app.o
 .debug_line    0x000000000000891d      0x42d build_arm_cortex_m3_base_boot_stm32l/uart_boot.o
 .debug_line    0x0000000000008d4a      0x552 build_arm_cortex_m3_base_boot_stm32l/SPI.o

.debug_str      0x0000000000000000     0x4d76
 .debug_str     0x0000000000000000      0x58f build_arm_cortex_m3_base_boot_stm32l/xprintf.o
                                        0x645 (size before relaxing)
 .debug_str     0x000000000000058f       0xde build_arm_cortex_m3_base_boot_stm32l/led.o
                                        0x29a (size before relaxing)
 .debug_str     0x000000000000066d      0x14a build_arm_cortex_m3_base_boot_stm32l/flash.o
                                        0x324 (size before relaxing)
 .debug_str     0x00000000000007b7      0x1a0 build_arm_cortex_m3_base_boot_stm32l/sys_boot.o
                                        0x7bf (size before relaxing)
 .debug_str     0x0000000000000957      0x320 build_arm_cortex_m3_base_boot_stm32l/stm32l1xx_gpio.o
                                        0x557 (size before relaxing)
 .debug_str     0x0000000000000c77      0x515 build_arm_cortex_m3_base_boot_stm32l/stm32l1xx_rcc.o
                                        0x788 (size before relaxing)
 .debug_str     0x000000000000118c      0x467 build_arm_cortex_m3_base_boot_stm32l/stm32l1xx_usart.o
                                        0x748 (size before relaxing)
 .debug_str     0x00000000000015f3      0x37e build_arm_cortex_m3_base_boot_stm32l/stm32l1xx_spi.o
                                        0x6b5 (size before relaxing)
 .debug_str     0x0000000000001971      0x225 build_arm_cortex_m3_base_boot_stm32l/misc.o
                                        0x447 (size before relaxing)
 .debug_str     0x0000000000001b96      0x617 build_arm_cortex_m3_base_boot_stm32l/stm32l1xx_flash.o
                                        0x85a (size before relaxing)
 .debug_str     0x00000000000021ad       0xf0 build_arm_cortex_m3_base_boot_stm32l/stm32l1xx_iwdg.o
                                        0x2e5 (size before relaxing)
 .debug_str     0x000000000000229d      0x14f build_arm_cortex_m3_base_boot_stm32l/stm32l1xx_flash_ramfunc.o
                                        0x440 (size before relaxing)
 .debug_str     0x00000000000023ec       0x81 build_arm_cortex_m3_base_boot_stm32l/stm32l.o
                                        0x283 (size before relaxing)
 .debug_str     0x000000000000246d      0x20b build_arm_cortex_m3_base_boot_stm32l/system.o
                                        0x4c6 (size before relaxing)
 .debug_str     0x0000000000002678      0x68c build_arm_cortex_m3_base_boot_stm32l/sys_cfg.o
                                        0xeba (size before relaxing)
 .debug_str     0x0000000000002d04      0xc47 build_arm_cortex_m3_base_boot_stm32l/io_cfg.o
                                       0x1bd8 (size before relaxing)
 .debug_str     0x000000000000394b       0x43 build_arm_cortex_m3_base_boot_stm32l/system_stm32l1xx.o
                                        0x3a5 (size before relaxing)
 .debug_str     0x000000000000398e     0x121e build_arm_cortex_m3_base_boot_stm32l/app.o
                                       0x1cb4 (size before relaxing)
 .debug_str     0x0000000000004bac       0x63 build_arm_cortex_m3_base_boot_stm32l/uart_boot.o
                                        0x52e (size before relaxing)
 .debug_str     0x0000000000004c0f      0x167 build_arm_cortex_m3_base_boot_stm32l/SPI.o
                                        0x896 (size before relaxing)

.comment        0x0000000000000000       0x76
 .comment       0x0000000000000000       0x76 build_arm_cortex_m3_base_boot_stm32l/xprintf.o
                                         0x77 (size before relaxing)
 .comment       0x0000000000000076       0x77 build_arm_cortex_m3_base_boot_stm32l/led.o
 .comment       0x0000000000000076       0x77 build_arm_cortex_m3_base_boot_stm32l/flash.o
 .comment       0x0000000000000076       0x77 build_arm_cortex_m3_base_boot_stm32l/sys_boot.o
 .comment       0x0000000000000076       0x77 build_arm_cortex_m3_base_boot_stm32l/stm32l1xx_gpio.o
 .comment       0x0000000000000076       0x77 build_arm_cortex_m3_base_boot_stm32l/stm32l1xx_rcc.o
 .comment       0x0000000000000076       0x77 build_arm_cortex_m3_base_boot_stm32l/stm32l1xx_usart.o
 .comment       0x0000000000000076       0x77 build_arm_cortex_m3_base_boot_stm32l/stm32l1xx_spi.o
 .comment       0x0000000000000076       0x77 build_arm_cortex_m3_base_boot_stm32l/misc.o
 .comment       0x0000000000000076       0x77 build_arm_cortex_m3_base_boot_stm32l/stm32l1xx_flash.o
 .comment       0x0000000000000076       0x77 build_arm_cortex_m3_base_boot_stm32l/stm32l1xx_iwdg.o
 .comment       0x0000000000000076       0x77 build_arm_cortex_m3_base_boot_stm32l/stm32l1xx_flash_ramfunc.o
 .comment       0x0000000000000076       0x77 build_arm_cortex_m3_base_boot_stm32l/stm32l.o
 .comment       0x0000000000000076       0x77 build_arm_cortex_m3_base_boot_stm32l/system.o
 .comment       0x0000000000000076       0x77 build_arm_cortex_m3_base_boot_stm32l/sys_cfg.o
 .comment       0x0000000000000076       0x77 build_arm_cortex_m3_base_boot_stm32l/io_cfg.o
 .comment       0x0000000000000076       0x77 build_arm_cortex_m3_base_boot_stm32l/system_stm32l1xx.o
 .comment       0x0000000000000076       0x77 build_arm_cortex_m3_base_boot_stm32l/app.o
 .comment       0x0000000000000076       0x77 build_arm_cortex_m3_base_boot_stm32l/uart_boot.o
 .comment       0x0000000000000076       0x77 build_arm_cortex_m3_base_boot_stm32l/SPI.o

.ARM.attributes
                0x0000000000000000       0x2b
 .ARM.attributes
                0x0000000000000000       0x2d build_arm_cortex_m3_base_boot_stm32l/xprintf.o
 .ARM.attributes
                0x000000000000002d       0x2d build_arm_cortex_m3_base_boot_stm32l/led.o
 .ARM.attributes
                0x000000000000005a       0x2d build_arm_cortex_m3_base_boot_stm32l/flash.o
 .ARM.attributes
                0x0000000000000087       0x2d build_arm_cortex_m3_base_boot_stm32l/sys_boot.o
 .ARM.attributes
                0x00000000000000b4       0x2d build_arm_cortex_m3_base_boot_stm32l/stm32l1xx_gpio.o
 .ARM.attributes
                0x00000000000000e1       0x2d build_arm_cortex_m3_base_boot_stm32l/stm32l1xx_rcc.o
 .ARM.attributes
                0x000000000000010e       0x2d build_arm_cortex_m3_base_boot_stm32l/stm32l1xx_usart.o
 .ARM.attributes
                0x000000000000013b       0x2d build_arm_cortex_m3_base_boot_stm32l/stm32l1xx_spi.o
 .ARM.attributes
                0x0000000000000168       0x2d build_arm_cortex_m3_base_boot_stm32l/misc.o
 .ARM.attributes
                0x0000000000000195       0x2d build_arm_cortex_m3_base_boot_stm32l/stm32l1xx_flash.o
 .ARM.attributes
                0x00000000000001c2       0x2d build_arm_cortex_m3_base_boot_stm32l/stm32l1xx_iwdg.o
 .ARM.attributes
                0x00000000000001ef       0x2d build_arm_cortex_m3_base_boot_stm32l/stm32l1xx_flash_ramfunc.o
 .ARM.attributes
                0x000000000000021c       0x2d build_arm_cortex_m3_base_boot_stm32l/stm32l.o
 .ARM.attributes
                0x0000000000000249       0x2d build_arm_cortex_m3_base_boot_stm32l/system.o
 .ARM.attributes
                0x0000000000000276       0x2d build_arm_cortex_m3_base_boot_stm32l/sys_cfg.o
 .ARM.attributes
                0x00000000000002a3       0x2d build_arm_cortex_m3_base_boot_stm32l/io_cfg.o
 .ARM.attributes
                0x00000000000002d0       0x2d build_arm_cortex_m3_base_boot_stm32l/system_stm32l1xx.o
 .ARM.attributes
                0x00000000000002fd       0x2d build_arm_cortex_m3_base_boot_stm32l/app.o
 .ARM.attributes
                0x000000000000032a       0x2d build_arm_cortex_m3_base_boot_stm32l/uart_boot.o
 .ARM.attributes
                0x0000000000000357       0x2d build_arm_cortex_m3_base_boot_stm32l/SPI.o
 .ARM.attributes
                0x0000000000000384       0x2d /home/lamht/workspace/tools/gcc-arm-none-eabi-8-2019-q3-update/arm-none-eabi/lib/thumb/v7-m/nofp/libc.a(lib_a-memcmp.o)
 .ARM.attributes
                0x00000000000003b1       0x1b /home/lamht/workspace/tools/gcc-arm-none-eabi-8-2019-q3-update/arm-none-eabi/lib/thumb/v7-m/nofp/libc.a(lib_a-memcpy.o)
 .ARM.attributes
                0x00000000000003cc       0x2d /home/lamht/workspace/tools/gcc-arm-none-eabi-8-2019-q3-update/arm-none-eabi/lib/thumb/v7-m/nofp/libc.a(lib_a-memset.o)

.debug_frame    0x0000000000000000     0x2024
 .debug_frame   0x0000000000000000       0x80 build_arm_cortex_m3_base_boot_stm32l/xprintf.o
 .debug_frame   0x0000000000000080       0xa8 build_arm_cortex_m3_base_boot_stm32l/led.o
 .debug_frame   0x0000000000000128      0x118 build_arm_cortex_m3_base_boot_stm32l/flash.o
 .debug_frame   0x0000000000000240       0x54 build_arm_cortex_m3_base_boot_stm32l/sys_boot.o
 .debug_frame   0x0000000000000294      0x15c build_arm_cortex_m3_base_boot_stm32l/stm32l1xx_gpio.o
 .debug_frame   0x00000000000003f0      0x288 build_arm_cortex_m3_base_boot_stm32l/stm32l1xx_rcc.o
 .debug_frame   0x0000000000000678      0x258 build_arm_cortex_m3_base_boot_stm32l/stm32l1xx_usart.o
 .debug_frame   0x00000000000008d0      0x1cc build_arm_cortex_m3_base_boot_stm32l/stm32l1xx_spi.o
 .debug_frame   0x0000000000000a9c       0x7c build_arm_cortex_m3_base_boot_stm32l/misc.o
 .debug_frame   0x0000000000000b18      0x4d8 build_arm_cortex_m3_base_boot_stm32l/stm32l1xx_flash.o
 .debug_frame   0x0000000000000ff0       0x70 build_arm_cortex_m3_base_boot_stm32l/stm32l1xx_iwdg.o
 .debug_frame   0x0000000000001060       0xe8 build_arm_cortex_m3_base_boot_stm32l/stm32l1xx_flash_ramfunc.o
 .debug_frame   0x0000000000001148       0x60 build_arm_cortex_m3_base_boot_stm32l/stm32l.o
 .debug_frame   0x00000000000011a8       0xfc build_arm_cortex_m3_base_boot_stm32l/system.o
 .debug_frame   0x00000000000012a4      0x21c build_arm_cortex_m3_base_boot_stm32l/sys_cfg.o
 .debug_frame   0x00000000000014c0      0x7ec build_arm_cortex_m3_base_boot_stm32l/io_cfg.o
 .debug_frame   0x0000000000001cac       0x48 build_arm_cortex_m3_base_boot_stm32l/system_stm32l1xx.o
 .debug_frame   0x0000000000001cf4      0x118 build_arm_cortex_m3_base_boot_stm32l/app.o
 .debug_frame   0x0000000000001e0c       0xb0 build_arm_cortex_m3_base_boot_stm32l/uart_boot.o
 .debug_frame   0x0000000000001ebc       0xf8 build_arm_cortex_m3_base_boot_stm32l/SPI.o
 .debug_frame   0x0000000000001fb4       0x38 /home/lamht/workspace/tools/gcc-arm-none-eabi-8-2019-q3-update/arm-none-eabi/lib/thumb/v7-m/nofp/libc.a(lib_a-memcmp.o)
 .debug_frame   0x0000000000001fec       0x38 /home/lamht/workspace/tools/gcc-arm-none-eabi-8-2019-q3-update/arm-none-eabi/lib/thumb/v7-m/nofp/libc.a(lib_a-memset.o)
