breaker_UI.cpp:138:6:void scr_start_game_handle(ak_msg_t*)	0	static
breaker_UI.cpp:99:6:void task_display(ak_msg_t*)	0	static
breaker_UI.cpp:155:6:void view_scr_startup()	24	static
breaker_UI.cpp:169:6:void view_scr_start_game_frames()	24	static
breaker_UI.cpp:212:6:void view_scr_start_game_ball()	16	static
breaker_UI.cpp:217:6:void view_scr_start_game_paddle()	16	static
breaker_UI.cpp:196:6:void view_scr_start_game_bricks()	48	static
breaker_UI.cpp:103:6:void scr_startup_handle(ak_msg_t*)	8	static
