breaker_UI.cpp:141:6:void scr_start_game_handle(ak_msg_t*)	0	static
breaker_UI.cpp:99:6:void task_display(ak_msg_t*)	0	static
breaker_UI.cpp:158:6:void view_scr_startup()	24	static
breaker_UI.cpp:227:6:void view_scr_start_game_ball()	16	static
breaker_UI.cpp:232:6:void view_scr_start_game_paddle()	16	static
breaker_UI.cpp:173:6:void view_scr_start_game_frames()	24	static
breaker_UI.cpp:211:6:void view_scr_start_game_bricks()	40	static
breaker_UI.cpp:103:6:void scr_startup_handle(ak_msg_t*)	8	static
