breaker_control.cpp:85:6:void brickInit()	16	static
breaker_control.cpp:105:6:void ballInit()	0	static
breaker_control.cpp:110:6:void paddleInit()	0	static
breaker_control.cpp:116:6:void livesInit()	0	static
breaker_control.cpp:121:6:void dirInit()	8	static
breaker_control.cpp:125:6:void moveBall()	0	static
breaker_control.cpp:153:6:void detectCollision()	12	static
breaker_control.cpp:237:6:void movePaddle()	0	static
breaker_control.cpp:27:6:void task_game_control(ak_msg_t*)	8	static
breaker_control.cpp:275:6:bool checkNewRound()	0	static
